// Jest Snapshot v1, https://goo.gl/fbAQLP

exports[`Pruebas sobre el componente <GifGrid /> El componente renderizado debe ser igual al Snapshot por defecto 1`] = `
<Fragment>
  <h2
    className="animate__animated animate__bounceIn"
  >
    naruto
  </h2>
  <p
    className="animate__animated animate__flash"
  >
    Loading...
  </p>
  <div
    className="gif-grid animate__animated animate__fadeIn"
  />
</Fragment>
`;
